<html>
<body>
<pre>
<h1>礦ision Build Log</h1>
<h2>Project:</h2>
E:\3-我的程序\HNIT-STM32F4\3 -DCMI\STM32F4_DCMI_OV7725\DCMI\Project\HNIT-STM32.uvproj
Project File Date:  04/18/2016

<h2>Output:</h2>
Build target 'HNIT-STM32'
linking...
Program Size: Code=29680 RO-data=6572 RW-data=212 ZI-data=161852  
FromELF: creating hex file...
"..\OBJ\STM32-HNIT.axf" - 0 Error(s), 0 Warning(s).
</pre>
</body>
</html>
\STM32-HNIT.axf" - 0 Error(s), 0 Warning(s).
80 RO-data=6572 RW-data=212 ZI-data=161852  
FromELF: creating hex file...
"..\OBJ\STM32-HNIT.axf" - 0 Error(s), 0 Warning(s).
:  #223-D: function "LCD_SetCursor" declared implicitly
        LCD_SetCursor(x,y);             //设置光标位置 
..\Driver\LCD\hnit_lcd.c(2628): warning:  #223-D: function "LCD_SetCursor" declared implicitly
                LCD_SetCursor(0x00,0x0000);             //设置光标位置  
..\Driver\LCD\hnit_lcd.c(2632): warning:  #223-D: function "LCD_SetCursor" declared implicitly
        }else LCD_SetCursor(0x00,0x0000);       //设置光标位置 
..\Driver\LCD\hnit_lcd.c(2667): warning:  #223-D: function "LCD_SetCursor" declared implicitly
                        LCD_SetCursor(sx,i);                                    //设置光标位置 
..\Driver\LCD\hnit_lcd.c(2685): warning:  #223-D: function "LCD_SetCursor" declared implicitly
                LCD_SetCursor(sx,sy+i);         //设置光标位置 
..\Driver\LCD\hnit_lcd.c: 7 warnings, 0 errors
linking...
..\OBJ\STM32-HNIT.axf: Error: L6218E: Undefined symbol LCD_SetCursor (referred from hnit_lcd.o).
Not enough information to list image symbols.
Finished: 1 information, 0 warning and 1 error messages.
"..\OBJ\STM32-HNIT.axf" - 1 Error(s), 7 Warning(s).
Target not created
 from hnit_lcd.o).
Not enough information to list image symbols.
Finished: 1 information, 0 warning and 1 error messages.
"..\OBJ\STM32-HNIT.axf" - 1 Error(s), 8 Warning(s).
Target not created
