<html>
<body>
<pre>
<h1>礦ision Build Log</h1>
<h2>Project:</h2>
E:\3-我的程序\HNIT-STM32F4\3 -DCMI\STM32F4_DCMI_OV7725\DCMI\Project\HNIT-STM32.uvproj
Project File Date:  04/16/2016

<h2>Output:</h2>
Build target 'HNIT-STM32'
compiling main.c...
linking...
Program Size: Code=28876 RO-data=6572 RW-data=208 ZI-data=1848  
FromELF: creating hex file...
"..\OBJ\STM32-HNIT.axf" - 0 Error(s), 0 Warning(s).
Load "..\\OBJ\\STM32-HNIT.axf" 
Set JLink Project File to "E:\3-我的程序\HNIT-STM32F4\3 -DCMI\STM32F4_DCMI_OV7725\DCMI\Project\JLinkSettings.ini"
* JLink Info: Device "STM32F407ZE" selected (512 KB flash, 128 KB RAM).
 
JLink info:
------------
DLL: V4.80g, compiled Feb 13 2014 20:50:02
Firmware: J-Link ARM V8 compiled Nov 25 2013 19:20:08
Hardware: V8.00
S/N : 308622870 
Feature(s) : RDI,FlashDL,FlashBP,JFlash,GDBFULL 
 
* JLink Info: TotalIRLen = 9, IRPrint = 0x0011
* JLink Info: TotalIRLen = 9, IRPrint = 0x0011
* JLink Info: Found Cortex-M4 r0p1, Little endian.
* JLink Info: FPUnit: 6 code (BP) slots and 2 literal slots
* JLink Info: TPIU fitted.
* JLink Info: ETM fitted.
ROMTableAddr = 0xE00FF003
 
Target info:
------------
Device: STM32F407ZE
VTarget = 3.235V
State of Pins: 
TCK: 1, TDI: 0, TDO: 1, TMS: 0, TRES: 1, TRST: 1
Hardware-Breakpoints: 6
Software-Breakpoints: 8192
Watchpoints:          4
JTAG speed: 2000 kHz
 
Erase Done.
Programming Done.
Verify OK.
Application running ...
citly
          LCD_WriteRAM_Prepare();   // 开始写入GRAM     
..\Driver\DCMI\hnit_dcmi.c: 1 warning, 0 errors
compiling main.c...
..\USER\main.c(52): warning:  #223-D: function "LCD_WriteRAM_Prepare" declared implicitly
      LCD_WriteRAM_Prepare();   // 开始写入GRAM 
..\USER\main.c: 1 warning, 0 errors
linking...
..\OBJ\STM32-HNIT.axf: Error: L6218E: Undefined symbol LCD_Scan_Dir (referred from hnit_lcd.o).
..\OBJ\STM32-HNIT.axf: Error: L6218E: Undefined symbol LCD_WriteRAM_Prepare (referred from hnit_lcd.o).
Not enough information to list image symbols.
Finished: 1 information, 0 warning and 2 error messages.
"..\OBJ\STM32-HNIT.axf" - 2 Error(s), 8 Warning(s).
Target not created
